// Jest Snapshot v1, https://goo.gl/fbAQLP

exports[`react component snapshot 1`] = `
Object {
  "asFragment": [Function],
  "baseElement": <body>
    <div>
      <div
        class="App animate__animated animate__zoomIn"
      >
        <header
          class="App-header"
        >
          <a
            href="/MapsEstacionIss"
          >
            <button
              class="btn btn-primary iss-btn "
              type="button"
            >
              Get started for discover
            </button>
          </a>
          <img
            alt="Asteriode"
            src="https://i.gifer.com/ONml.gif"
          />
          <div
            class="titulo-iss animate__animated animate__zoomIn "
          >
            <img
              alt="gif atom"
              class="App-logo logo-peq "
              src="atom.gif"
            />
            <p
              class="titulo-landing "
            >
              Discover the real-time location of the international space station
               
            </p>
          </div>
        </header>
      </div>
    </div>
  </body>,
  "container": <div>
    <div
      class="App animate__animated animate__zoomIn"
    >
      <header
        class="App-header"
      >
        <a
          href="/MapsEstacionIss"
        >
          <button
            class="btn btn-primary iss-btn "
            type="button"
          >
            Get started for discover
          </button>
        </a>
        <img
          alt="Asteriode"
          src="https://i.gifer.com/ONml.gif"
        />
        <div
          class="titulo-iss animate__animated animate__zoomIn "
        >
          <img
            alt="gif atom"
            class="App-logo logo-peq "
            src="atom.gif"
          />
          <p
            class="titulo-landing "
          >
            Discover the real-time location of the international space station
             
          </p>
        </div>
      </header>
    </div>
  </div>,
  "debug": [Function],
  "findAllByAltText": [Function],
  "findAllByDisplayValue": [Function],
  "findAllByLabelText": [Function],
  "findAllByPlaceholderText": [Function],
  "findAllByRole": [Function],
  "findAllByTestId": [Function],
  "findAllByText": [Function],
  "findAllByTitle": [Function],
  "findByAltText": [Function],
  "findByDisplayValue": [Function],
  "findByLabelText": [Function],
  "findByPlaceholderText": [Function],
  "findByRole": [Function],
  "findByTestId": [Function],
  "findByText": [Function],
  "findByTitle": [Function],
  "getAllByAltText": [Function],
  "getAllByDisplayValue": [Function],
  "getAllByLabelText": [Function],
  "getAllByPlaceholderText": [Function],
  "getAllByRole": [Function],
  "getAllByTestId": [Function],
  "getAllByText": [Function],
  "getAllByTitle": [Function],
  "getByAltText": [Function],
  "getByDisplayValue": [Function],
  "getByLabelText": [Function],
  "getByPlaceholderText": [Function],
  "getByRole": [Function],
  "getByTestId": [Function],
  "getByText": [Function],
  "getByTitle": [Function],
  "queryAllByAltText": [Function],
  "queryAllByDisplayValue": [Function],
  "queryAllByLabelText": [Function],
  "queryAllByPlaceholderText": [Function],
  "queryAllByRole": [Function],
  "queryAllByTestId": [Function],
  "queryAllByText": [Function],
  "queryAllByTitle": [Function],
  "queryByAltText": [Function],
  "queryByDisplayValue": [Function],
  "queryByLabelText": [Function],
  "queryByPlaceholderText": [Function],
  "queryByRole": [Function],
  "queryByTestId": [Function],
  "queryByText": [Function],
  "queryByTitle": [Function],
  "rerender": [Function],
  "unmount": [Function],
}
`;
